OpenJDK 64-Bit Server VM (25.232-b09) for linux-amd64 JRE (1.8.0_232-b09), built on Nov 22 2019 01:03:02 by "p4admin" with gcc 4.9.4
Memory: 4k page, physical 30867808k(10337964k free), swap 0k(0k free)
CommandLine flags: -XX:+HeapDumpOnOutOfMemoryError -XX:HeapDumpPath=/tmp -XX:InitialHeapSize=493884928 -XX:MaxHeapSize=7902158848 -XX:+PrintGC -XX:+PrintGCDetails -XX:+PrintGCTimeStamps -XX:+UseCompressedClassPointers -XX:+UseCompressedOops -XX:+UseParallelGC 
0.076: [GC (System.gc()) [PSYoungGen: 7249K->624K(140800K)] 7249K->632K(463360K), 0.0008803 secs] [Times: user=0.00 sys=0.00, real=0.00 secs] 
0.076: [Full GC (System.gc()) [PSYoungGen: 624K->0K(140800K)] [ParOldGen: 8K->383K(322560K)] 632K->383K(463360K), [Metaspace: 2938K->2938K(1056768K)], 0.0041719 secs] [Times: user=0.04 sys=0.00, real=0.00 secs] 
1.245: [GC (Allocation Failure) [PSYoungGen: 120832K->19939K(140800K)] 121215K->22260K(463360K), 0.0160129 secs] [Times: user=0.06 sys=0.01, real=0.01 secs] 
1.862: [GC (Allocation Failure) [PSYoungGen: 140771K->19960K(140800K)] 143092K->26221K(463360K), 0.0094584 secs] [Times: user=0.06 sys=0.00, real=0.01 secs] 
2.046: [GC (Allocation Failure) [PSYoungGen: 140792K->19960K(261632K)] 147053K->33736K(584192K), 0.0108706 secs] [Times: user=0.07 sys=0.00, real=0.01 secs] 
2.352: [GC (Allocation Failure) [PSYoungGen: 261624K->19960K(261632K)] 275400K->41204K(584192K), 0.0115636 secs] [Times: user=0.07 sys=0.01, real=0.01 secs] 
2.607: [GC (Allocation Failure) [PSYoungGen: 261624K->19964K(479744K)] 282868K->50959K(802304K), 0.0147221 secs] [Times: user=0.14 sys=0.00, real=0.02 secs] 
3.608: [GC (Allocation Failure) [PSYoungGen: 479740K->43488K(503296K)] 510735K->78142K(825856K), 0.0356796 secs] [Times: user=0.04 sys=0.05, real=0.04 secs] 
4.457: [GC (Allocation Failure) [PSYoungGen: 503264K->28165K(968704K)] 537918K->79750K(1291264K), 0.0218637 secs] [Times: user=0.10 sys=0.00, real=0.02 secs] 
5.629: [GC (Allocation Failure) [PSYoungGen: 947717K->48500K(970752K)] 999302K->101925K(1293312K), 0.0348583 secs] [Times: user=0.05 sys=0.02, real=0.04 secs] 
6.567: [GC (Allocation Failure) [PSYoungGen: 968052K->49856K(1521664K)] 1021477K->105985K(1844224K), 0.0318803 secs] [Times: user=0.06 sys=0.01, real=0.03 secs] 
8.155: [GC (Allocation Failure) [PSYoungGen: 1521344K->62950K(1884160K)] 1577473K->126838K(2206720K), 0.0445286 secs] [Times: user=0.06 sys=0.04, real=0.04 secs] 
11.246: [GC (Allocation Failure) [PSYoungGen: 1884134K->74735K(2361856K)] 1948022K->292373K(2684416K), 0.3813668 secs] [Times: user=0.33 sys=0.11, real=0.38 secs] 
15.233: [GC (Allocation Failure) [PSYoungGen: 2361839K->142304K(2429440K)] 2579477K->499189K(2786816K), 0.5106441 secs] [Times: user=0.51 sys=0.05, real=0.51 secs] 
15.743: [Full GC (Ergonomics) [PSYoungGen: 142304K->0K(2429440K)] [ParOldGen: 356885K->313502K(561152K)] 499189K->313502K(2990592K), [Metaspace: 19582K->19582K(1067008K)], 0.1942075 secs] [Times: user=2.04 sys=0.08, real=0.19 secs] 
18.534: [GC (Allocation Failure) [PSYoungGen: 2287104K->141770K(2260480K)] 2600606K->455281K(2821632K), 0.1313291 secs] [Times: user=0.21 sys=0.02, real=0.13 secs] 
21.587: [GC (Metadata GC Threshold) [PSYoungGen: 2062093K->25154K(2344960K)] 2375603K->343982K(2906112K), 0.0128698 secs] [Times: user=0.10 sys=0.00, real=0.01 secs] 
21.600: [Full GC (Metadata GC Threshold) [PSYoungGen: 25154K->0K(2344960K)] [ParOldGen: 318827K->55040K(329216K)] 343982K->55040K(2674176K), [Metaspace: 32723K->32723K(1079296K)], 0.0968426 secs] [Times: user=0.76 sys=0.03, real=0.10 secs] 
24.563: [GC (Allocation Failure) [PSYoungGen: 2117120K->21471K(2330112K)] 2172160K->76519K(2659328K), 0.0103945 secs] [Times: user=0.09 sys=0.00, real=0.01 secs] 
27.138: [GC (Metadata GC Threshold) [PSYoungGen: 1741830K->15612K(2339840K)] 1796878K->82213K(2669056K), 0.0142715 secs] [Times: user=0.23 sys=0.00, real=0.02 secs] 
27.152: [Full GC (Metadata GC Threshold) [PSYoungGen: 15612K->0K(2339840K)] [ParOldGen: 66601K->59529K(359424K)] 82213K->59529K(2699264K), [Metaspace: 54701K->54701K(1097728K)], 0.0828273 secs] [Times: user=0.89 sys=0.02, real=0.08 secs] 
